<?xml version="1.0" encoding="UTF-8"?>
<TestRun id="e4a0a978-c632-42a3-9b67-d39c5f8cba43" name="King Wilder@KWLATITUDE-PC 2012-03-25 15:43:47" runUser="KWLatitude-PC\King Wilder" xmlns="http://microsoft.com/schemas/VisualStudio/TeamTest/2010">
  <TestSettings name="Local" id="62b80d9b-8758-4aa4-86bc-006c49cbb856">
    <Description>These are default test settings for a local test run.</Description>
    <Deployment enabled="false" runDeploymentRoot="King Wilder_KWLATITUDE-PC 2012-03-25 15_43_47">
      <DeploymentItem filename="C:\Program Files (x86)\MyGeneration13\Dnp.Utils.dll" />
      <DeploymentItem filename="C:\Program Files (x86)\MyGeneration13\MyMeta.dll" />
      <DeploymentItem filename="C:\Program Files (x86)\MyGeneration13\PluginInterfaces.dll" />
    </Deployment>
    <Execution>
      <TestTypeSpecific />
      <AgentRule name="Execution Agents">
      </AgentRule>
    </Execution>
  </TestSettings>
  <Times creation="2012-03-25T15:43:47.0724387-07:00" queuing="2012-03-25T15:43:47.1116392-07:00" start="2012-03-25T15:43:47.1272392-07:00" finish="2012-03-25T15:43:47.3768397-07:00" />
  <ResultSummary outcome="Failed">
    <Counters total="1" executed="1" error="0" failed="1" timeout="0" aborted="0" inconclusive="0" passedButRunAborted="0" notRunnable="0" notExecuted="0" disconnected="0" warning="0" passed="0" completed="0" inProgress="0" pending="0" />
  </ResultSummary>
  <TestDefinitions>
    <UnitTest name="create_complete_mapper_for_category_table" storage="c:\vsprojects\condorxe\condorxe\plugins\gizmobeach.components.tests\bin\release\gizmobeach.components.tests.dll" id="90a5de20-696e-10b2-f875-227ac9818437">
      <Execution id="bf69f55a-be83-4572-a452-f1c438b1d3d4" />
      <TestMethod codeBase="C:/VSProjects/CondorXE/CondorXE/Plugins/GizmoBeach.Components.Tests/bin/Release/GizmoBeach.Components.Tests.DLL" adapterTypeName="Microsoft.VisualStudio.TestTools.TestTypes.Unit.UnitTestAdapter, Microsoft.VisualStudio.QualityTools.Tips.UnitTest.Adapter, Version=10.0.0.0, Culture=neutral, PublicKeyToken=b03f5f7f11d50a3a" className="GizmoBeach.Components.Tests.EntitySpacesMappingTests, GizmoBeach.Components.Tests, Version=1.0.0.0, Culture=neutral, PublicKeyToken=null" name="create_complete_mapper_for_category_table" />
    </UnitTest>
  </TestDefinitions>
  <TestLists>
    <TestList name="Results Not in a List" id="8c84fa94-04c1-424b-9868-57a2d4851a1d" />
    <TestList name="All Loaded Results" id="19431567-8539-422a-85d7-44ee4e166bda" />
  </TestLists>
  <TestEntries>
    <TestEntry testId="90a5de20-696e-10b2-f875-227ac9818437" executionId="bf69f55a-be83-4572-a452-f1c438b1d3d4" testListId="8c84fa94-04c1-424b-9868-57a2d4851a1d" />
  </TestEntries>
  <Results>
    <UnitTestResult executionId="bf69f55a-be83-4572-a452-f1c438b1d3d4" testId="90a5de20-696e-10b2-f875-227ac9818437" testName="create_complete_mapper_for_category_table" computerName="KWLATITUDE-PC" duration="00:00:00.0246734" startTime="2012-03-25T15:43:47.1584393-07:00" endTime="2012-03-25T15:43:47.3612396-07:00" testType="13cdc9d9-ddb5-4fa4-a97d-d965ccfc6d4b" outcome="Failed" testListId="8c84fa94-04c1-424b-9868-57a2d4851a1d" relativeResultsDirectory="bf69f55a-be83-4572-a452-f1c438b1d3d4">
      <Output>
        <ErrorInfo>
          <Message>Assert.AreEqual failed. Expected:&lt;model.DateCreated = entity.DateCreated;&gt;. Actual:&lt;model.Id = (int)entity.Id;
model.CategoryName = entity.CategoryNamemodel.rowversion = entity.Rowversion.AsBase64String();
model.DateCreated = entity.DateCreated;&gt;. </Message>
          <StackTrace>   at GizmoBeach.Components.Tests.EntitySpacesMappingTests.create_complete_mapper_for_category_table() in C:\VSProjects\CondorXE\CondorXE\Plugins\GizmoBeach.Components.Tests\EntitySpacesMappingTests.cs:line 276
</StackTrace>
        </ErrorInfo>
      </Output>
    </UnitTestResult>
  </Results>
</TestRun>