<?xml version="1.0" encoding="UTF-8"?>
<TestRun id="32f9f309-6b9b-4b75-beab-3d122bd06d14" name="King Wilder@KWLATITUDE-PC 2012-03-25 15:50:42" runUser="KWLatitude-PC\King Wilder" xmlns="http://microsoft.com/schemas/VisualStudio/TeamTest/2010">
  <TestSettings name="Local" id="62b80d9b-8758-4aa4-86bc-006c49cbb856">
    <Description>These are default test settings for a local test run.</Description>
    <Deployment enabled="false" runDeploymentRoot="King Wilder_KWLATITUDE-PC 2012-03-25 15_50_42">
      <DeploymentItem filename="C:\Program Files (x86)\MyGeneration13\Dnp.Utils.dll" />
      <DeploymentItem filename="C:\Program Files (x86)\MyGeneration13\MyMeta.dll" />
      <DeploymentItem filename="C:\Program Files (x86)\MyGeneration13\PluginInterfaces.dll" />
    </Deployment>
    <Execution>
      <TestTypeSpecific />
      <AgentRule name="Execution Agents">
      </AgentRule>
    </Execution>
  </TestSettings>
  <Times creation="2012-03-25T15:50:42.5270403-07:00" queuing="2012-03-25T15:50:42.6690484-07:00" start="2012-03-25T15:50:42.6880495-07:00" finish="2012-03-25T15:50:42.9620652-07:00" />
  <ResultSummary outcome="Completed">
    <Counters total="9" executed="9" passed="9" error="0" failed="0" timeout="0" aborted="0" inconclusive="0" passedButRunAborted="0" notRunnable="0" notExecuted="0" disconnected="0" warning="0" completed="0" inProgress="0" pending="0" />
  </ResultSummary>
  <TestDefinitions>
    <UnitTest name="create_mapper_property_for_not_nullable_datetime_column" storage="c:\vsprojects\condorxe\condorxe\plugins\gizmobeach.components.tests\bin\release\gizmobeach.components.tests.dll" id="bdf379f3-777a-75e6-0ad9-a8283544d980">
      <Execution id="6ce38591-1af1-46b5-bdc8-2da55e01ac1f" />
      <TestMethod codeBase="C:/VSProjects/CondorXE/CondorXE/Plugins/GizmoBeach.Components.Tests/bin/Release/GizmoBeach.Components.Tests.DLL" adapterTypeName="Microsoft.VisualStudio.TestTools.TestTypes.Unit.UnitTestAdapter, Microsoft.VisualStudio.QualityTools.Tips.UnitTest.Adapter, Version=10.0.0.0, Culture=neutral, PublicKeyToken=b03f5f7f11d50a3a" className="GizmoBeach.Components.Tests.EntitySpacesMappingTests, GizmoBeach.Components.Tests, Version=1.0.0.0, Culture=neutral, PublicKeyToken=null" name="create_mapper_property_for_not_nullable_datetime_column" />
    </UnitTest>
    <UnitTest name="create_mapper_property_for_rowversion_column" storage="c:\vsprojects\condorxe\condorxe\plugins\gizmobeach.components.tests\bin\release\gizmobeach.components.tests.dll" id="2663cddf-64dd-42fa-8dab-881d0db9caa6">
      <Execution id="b8153d7d-d469-46cd-ba28-d142ff5fe15b" />
      <TestMethod codeBase="C:/VSProjects/CondorXE/CondorXE/Plugins/GizmoBeach.Components.Tests/bin/Release/GizmoBeach.Components.Tests.DLL" adapterTypeName="Microsoft.VisualStudio.TestTools.TestTypes.Unit.UnitTestAdapter, Microsoft.VisualStudio.QualityTools.Tips.UnitTest.Adapter, Version=10.0.0.0, Culture=neutral, PublicKeyToken=b03f5f7f11d50a3a" className="GizmoBeach.Components.Tests.EntitySpacesMappingTests, GizmoBeach.Components.Tests, Version=1.0.0.0, Culture=neutral, PublicKeyToken=null" name="create_mapper_property_for_rowversion_column" />
    </UnitTest>
    <UnitTest name="categoryname_column_in_table" storage="c:\vsprojects\condorxe\condorxe\plugins\gizmobeach.components.tests\bin\release\gizmobeach.components.tests.dll" id="09b60d4e-a45a-0c72-d097-c2ce2bba0d3e">
      <Execution id="8a93a265-e98e-43a2-828e-97832700fb7d" />
      <TestMethod codeBase="C:/VSProjects/CondorXE/CondorXE/Plugins/GizmoBeach.Components.Tests/bin/Release/GizmoBeach.Components.Tests.DLL" adapterTypeName="Microsoft.VisualStudio.TestTools.TestTypes.Unit.UnitTestAdapter, Microsoft.VisualStudio.QualityTools.Tips.UnitTest.Adapter, Version=10.0.0.0, Culture=neutral, PublicKeyToken=b03f5f7f11d50a3a" className="GizmoBeach.Components.Tests.EntitySpacesMappingTests, GizmoBeach.Components.Tests, Version=1.0.0.0, Culture=neutral, PublicKeyToken=null" name="categoryname_column_in_table" />
    </UnitTest>
    <UnitTest name="create_mapper_property_for_datetime_column" storage="c:\vsprojects\condorxe\condorxe\plugins\gizmobeach.components.tests\bin\release\gizmobeach.components.tests.dll" id="72ce8c1b-ec55-136b-45ab-8525067c381f">
      <Execution id="c0bdb5bf-fe5d-4835-8aff-9809bdffb7bf" />
      <TestMethod codeBase="C:/VSProjects/CondorXE/CondorXE/Plugins/GizmoBeach.Components.Tests/bin/Release/GizmoBeach.Components.Tests.DLL" adapterTypeName="Microsoft.VisualStudio.TestTools.TestTypes.Unit.UnitTestAdapter, Microsoft.VisualStudio.QualityTools.Tips.UnitTest.Adapter, Version=10.0.0.0, Culture=neutral, PublicKeyToken=b03f5f7f11d50a3a" className="GizmoBeach.Components.Tests.EntitySpacesMappingTests, GizmoBeach.Components.Tests, Version=1.0.0.0, Culture=neutral, PublicKeyToken=null" name="create_mapper_property_for_datetime_column" />
    </UnitTest>
    <UnitTest name="loop_through_all_columns_in_CategoryTable" storage="c:\vsprojects\condorxe\condorxe\plugins\gizmobeach.components.tests\bin\release\gizmobeach.components.tests.dll" id="7d714add-4aaf-7b2e-007f-45c0db51830a">
      <Execution id="bf46eb9f-15ae-4acb-a378-98608f0a8e6a" />
      <TestMethod codeBase="C:/VSProjects/CondorXE/CondorXE/Plugins/GizmoBeach.Components.Tests/bin/Release/GizmoBeach.Components.Tests.DLL" adapterTypeName="Microsoft.VisualStudio.TestTools.TestTypes.Unit.UnitTestAdapter, Microsoft.VisualStudio.QualityTools.Tips.UnitTest.Adapter, Version=10.0.0.0, Culture=neutral, PublicKeyToken=b03f5f7f11d50a3a" className="GizmoBeach.Components.Tests.EntitySpacesMappingTests, GizmoBeach.Components.Tests, Version=1.0.0.0, Culture=neutral, PublicKeyToken=null" name="loop_through_all_columns_in_CategoryTable" />
    </UnitTest>
    <UnitTest name="create_mapper_property_mapping_for_identity_column" storage="c:\vsprojects\condorxe\condorxe\plugins\gizmobeach.components.tests\bin\release\gizmobeach.components.tests.dll" id="4d97ea6a-378e-90ce-f4d4-a778471471e2">
      <Execution id="1d2929a2-550c-45b9-a4a7-470de64201ea" />
      <TestMethod codeBase="C:/VSProjects/CondorXE/CondorXE/Plugins/GizmoBeach.Components.Tests/bin/Release/GizmoBeach.Components.Tests.DLL" adapterTypeName="Microsoft.VisualStudio.TestTools.TestTypes.Unit.UnitTestAdapter, Microsoft.VisualStudio.QualityTools.Tips.UnitTest.Adapter, Version=10.0.0.0, Culture=neutral, PublicKeyToken=b03f5f7f11d50a3a" className="GizmoBeach.Components.Tests.EntitySpacesMappingTests, GizmoBeach.Components.Tests, Version=1.0.0.0, Culture=neutral, PublicKeyToken=null" name="create_mapper_property_mapping_for_identity_column" />
    </UnitTest>
    <UnitTest name="create_mapper_property_for_nullable_datetime_column" storage="c:\vsprojects\condorxe\condorxe\plugins\gizmobeach.components.tests\bin\release\gizmobeach.components.tests.dll" id="776e1da0-864e-28b1-1f45-bf094e219c90">
      <Execution id="d6e51915-6b05-4523-b60c-a8944622a792" />
      <TestMethod codeBase="C:/VSProjects/CondorXE/CondorXE/Plugins/GizmoBeach.Components.Tests/bin/Release/GizmoBeach.Components.Tests.DLL" adapterTypeName="Microsoft.VisualStudio.TestTools.TestTypes.Unit.UnitTestAdapter, Microsoft.VisualStudio.QualityTools.Tips.UnitTest.Adapter, Version=10.0.0.0, Culture=neutral, PublicKeyToken=b03f5f7f11d50a3a" className="GizmoBeach.Components.Tests.EntitySpacesMappingTests, GizmoBeach.Components.Tests, Version=1.0.0.0, Culture=neutral, PublicKeyToken=null" name="create_mapper_property_for_nullable_datetime_column" />
    </UnitTest>
    <UnitTest name="create_complete_mapper_for_category_table" storage="c:\vsprojects\condorxe\condorxe\plugins\gizmobeach.components.tests\bin\release\gizmobeach.components.tests.dll" id="90a5de20-696e-10b2-f875-227ac9818437">
      <Execution id="cd58b56b-6425-473c-a511-6209803d5dbb" />
      <TestMethod codeBase="C:/VSProjects/CondorXE/CondorXE/Plugins/GizmoBeach.Components.Tests/bin/Release/GizmoBeach.Components.Tests.DLL" adapterTypeName="Microsoft.VisualStudio.TestTools.TestTypes.Unit.UnitTestAdapter, Microsoft.VisualStudio.QualityTools.Tips.UnitTest.Adapter, Version=10.0.0.0, Culture=neutral, PublicKeyToken=b03f5f7f11d50a3a" className="GizmoBeach.Components.Tests.EntitySpacesMappingTests, GizmoBeach.Components.Tests, Version=1.0.0.0, Culture=neutral, PublicKeyToken=null" name="create_complete_mapper_for_category_table" />
    </UnitTest>
    <UnitTest name="create_mapper_property_for_string_column" storage="c:\vsprojects\condorxe\condorxe\plugins\gizmobeach.components.tests\bin\release\gizmobeach.components.tests.dll" id="85dc71bc-1b9d-e5ad-cdca-7cb13b5d2a8e">
      <Execution id="9d1d5b61-a92b-4335-a1e3-fa607d4f0efa" />
      <TestMethod codeBase="C:/VSProjects/CondorXE/CondorXE/Plugins/GizmoBeach.Components.Tests/bin/Release/GizmoBeach.Components.Tests.DLL" adapterTypeName="Microsoft.VisualStudio.TestTools.TestTypes.Unit.UnitTestAdapter, Microsoft.VisualStudio.QualityTools.Tips.UnitTest.Adapter, Version=10.0.0.0, Culture=neutral, PublicKeyToken=b03f5f7f11d50a3a" className="GizmoBeach.Components.Tests.EntitySpacesMappingTests, GizmoBeach.Components.Tests, Version=1.0.0.0, Culture=neutral, PublicKeyToken=null" name="create_mapper_property_for_string_column" />
    </UnitTest>
  </TestDefinitions>
  <TestLists>
    <TestList name="Results Not in a List" id="8c84fa94-04c1-424b-9868-57a2d4851a1d" />
    <TestList name="All Loaded Results" id="19431567-8539-422a-85d7-44ee4e166bda" />
  </TestLists>
  <TestEntries>
    <TestEntry testId="09b60d4e-a45a-0c72-d097-c2ce2bba0d3e" executionId="8a93a265-e98e-43a2-828e-97832700fb7d" testListId="8c84fa94-04c1-424b-9868-57a2d4851a1d" />
    <TestEntry testId="2663cddf-64dd-42fa-8dab-881d0db9caa6" executionId="b8153d7d-d469-46cd-ba28-d142ff5fe15b" testListId="8c84fa94-04c1-424b-9868-57a2d4851a1d" />
    <TestEntry testId="4d97ea6a-378e-90ce-f4d4-a778471471e2" executionId="1d2929a2-550c-45b9-a4a7-470de64201ea" testListId="8c84fa94-04c1-424b-9868-57a2d4851a1d" />
    <TestEntry testId="72ce8c1b-ec55-136b-45ab-8525067c381f" executionId="c0bdb5bf-fe5d-4835-8aff-9809bdffb7bf" testListId="8c84fa94-04c1-424b-9868-57a2d4851a1d" />
    <TestEntry testId="776e1da0-864e-28b1-1f45-bf094e219c90" executionId="d6e51915-6b05-4523-b60c-a8944622a792" testListId="8c84fa94-04c1-424b-9868-57a2d4851a1d" />
    <TestEntry testId="7d714add-4aaf-7b2e-007f-45c0db51830a" executionId="bf46eb9f-15ae-4acb-a378-98608f0a8e6a" testListId="8c84fa94-04c1-424b-9868-57a2d4851a1d" />
    <TestEntry testId="85dc71bc-1b9d-e5ad-cdca-7cb13b5d2a8e" executionId="9d1d5b61-a92b-4335-a1e3-fa607d4f0efa" testListId="8c84fa94-04c1-424b-9868-57a2d4851a1d" />
    <TestEntry testId="90a5de20-696e-10b2-f875-227ac9818437" executionId="cd58b56b-6425-473c-a511-6209803d5dbb" testListId="8c84fa94-04c1-424b-9868-57a2d4851a1d" />
    <TestEntry testId="bdf379f3-777a-75e6-0ad9-a8283544d980" executionId="6ce38591-1af1-46b5-bdc8-2da55e01ac1f" testListId="8c84fa94-04c1-424b-9868-57a2d4851a1d" />
  </TestEntries>
  <Results>
    <UnitTestResult executionId="8a93a265-e98e-43a2-828e-97832700fb7d" testId="09b60d4e-a45a-0c72-d097-c2ce2bba0d3e" testName="categoryname_column_in_table" computerName="KWLATITUDE-PC" duration="00:00:00.0110187" startTime="2012-03-25T15:50:42.6980501-07:00" endTime="2012-03-25T15:50:42.8900611-07:00" testType="13cdc9d9-ddb5-4fa4-a97d-d965ccfc6d4b" outcome="Passed" testListId="8c84fa94-04c1-424b-9868-57a2d4851a1d" relativeResultsDirectory="8a93a265-e98e-43a2-828e-97832700fb7d">
    </UnitTestResult>
    <UnitTestResult executionId="b8153d7d-d469-46cd-ba28-d142ff5fe15b" testId="2663cddf-64dd-42fa-8dab-881d0db9caa6" testName="create_mapper_property_for_rowversion_column" computerName="KWLATITUDE-PC" duration="00:00:00.0020962" startTime="2012-03-25T15:50:42.8960614-07:00" endTime="2012-03-25T15:50:42.9020618-07:00" testType="13cdc9d9-ddb5-4fa4-a97d-d965ccfc6d4b" outcome="Passed" testListId="8c84fa94-04c1-424b-9868-57a2d4851a1d" relativeResultsDirectory="b8153d7d-d469-46cd-ba28-d142ff5fe15b">
    </UnitTestResult>
    <UnitTestResult executionId="1d2929a2-550c-45b9-a4a7-470de64201ea" testId="4d97ea6a-378e-90ce-f4d4-a778471471e2" testName="create_mapper_property_mapping_for_identity_column" computerName="KWLATITUDE-PC" duration="00:00:00.0008552" startTime="2012-03-25T15:50:42.9040619-07:00" endTime="2012-03-25T15:50:42.9090622-07:00" testType="13cdc9d9-ddb5-4fa4-a97d-d965ccfc6d4b" outcome="Passed" testListId="8c84fa94-04c1-424b-9868-57a2d4851a1d" relativeResultsDirectory="1d2929a2-550c-45b9-a4a7-470de64201ea">
    </UnitTestResult>
    <UnitTestResult executionId="c0bdb5bf-fe5d-4835-8aff-9809bdffb7bf" testId="72ce8c1b-ec55-136b-45ab-8525067c381f" testName="create_mapper_property_for_datetime_column" computerName="KWLATITUDE-PC" duration="00:00:00.0007436" startTime="2012-03-25T15:50:42.9120623-07:00" endTime="2012-03-25T15:50:42.9150625-07:00" testType="13cdc9d9-ddb5-4fa4-a97d-d965ccfc6d4b" outcome="Passed" testListId="8c84fa94-04c1-424b-9868-57a2d4851a1d" relativeResultsDirectory="c0bdb5bf-fe5d-4835-8aff-9809bdffb7bf">
    </UnitTestResult>
    <UnitTestResult executionId="d6e51915-6b05-4523-b60c-a8944622a792" testId="776e1da0-864e-28b1-1f45-bf094e219c90" testName="create_mapper_property_for_nullable_datetime_column" computerName="KWLATITUDE-PC" duration="00:00:00.0007094" startTime="2012-03-25T15:50:42.9180627-07:00" endTime="2012-03-25T15:50:42.9210629-07:00" testType="13cdc9d9-ddb5-4fa4-a97d-d965ccfc6d4b" outcome="Passed" testListId="8c84fa94-04c1-424b-9868-57a2d4851a1d" relativeResultsDirectory="d6e51915-6b05-4523-b60c-a8944622a792">
    </UnitTestResult>
    <UnitTestResult executionId="bf46eb9f-15ae-4acb-a378-98608f0a8e6a" testId="7d714add-4aaf-7b2e-007f-45c0db51830a" testName="loop_through_all_columns_in_CategoryTable" computerName="KWLATITUDE-PC" duration="00:00:00.0006880" startTime="2012-03-25T15:50:42.9230630-07:00" endTime="2012-03-25T15:50:42.9260631-07:00" testType="13cdc9d9-ddb5-4fa4-a97d-d965ccfc6d4b" outcome="Passed" testListId="8c84fa94-04c1-424b-9868-57a2d4851a1d" relativeResultsDirectory="bf46eb9f-15ae-4acb-a378-98608f0a8e6a">
      <Output>
        <StdOut>Id - Type: int - IsPrimaryKey: True - IsNullable: False
CategoryName - Type: string - IsPrimaryKey: False - IsNullable: False
Rowversion - Type: byte[] - IsPrimaryKey: False - IsNullable: True</StdOut>
      </Output>
    </UnitTestResult>
    <UnitTestResult executionId="9d1d5b61-a92b-4335-a1e3-fa607d4f0efa" testId="85dc71bc-1b9d-e5ad-cdca-7cb13b5d2a8e" testName="create_mapper_property_for_string_column" computerName="KWLATITUDE-PC" duration="00:00:00.0004789" startTime="2012-03-25T15:50:42.9290633-07:00" endTime="2012-03-25T15:50:42.9320635-07:00" testType="13cdc9d9-ddb5-4fa4-a97d-d965ccfc6d4b" outcome="Passed" testListId="8c84fa94-04c1-424b-9868-57a2d4851a1d" relativeResultsDirectory="9d1d5b61-a92b-4335-a1e3-fa607d4f0efa">
    </UnitTestResult>
    <UnitTestResult executionId="cd58b56b-6425-473c-a511-6209803d5dbb" testId="90a5de20-696e-10b2-f875-227ac9818437" testName="create_complete_mapper_for_category_table" computerName="KWLATITUDE-PC" duration="00:00:00.0011152" startTime="2012-03-25T15:50:42.9340636-07:00" endTime="2012-03-25T15:50:42.9380638-07:00" testType="13cdc9d9-ddb5-4fa4-a97d-d965ccfc6d4b" outcome="Passed" testListId="8c84fa94-04c1-424b-9868-57a2d4851a1d" relativeResultsDirectory="cd58b56b-6425-473c-a511-6209803d5dbb">
    </UnitTestResult>
    <UnitTestResult executionId="6ce38591-1af1-46b5-bdc8-2da55e01ac1f" testId="bdf379f3-777a-75e6-0ad9-a8283544d980" testName="create_mapper_property_for_not_nullable_datetime_column" computerName="KWLATITUDE-PC" duration="00:00:00.0008432" startTime="2012-03-25T15:50:42.9410640-07:00" endTime="2012-03-25T15:50:42.9450642-07:00" testType="13cdc9d9-ddb5-4fa4-a97d-d965ccfc6d4b" outcome="Passed" testListId="8c84fa94-04c1-424b-9868-57a2d4851a1d" relativeResultsDirectory="6ce38591-1af1-46b5-bdc8-2da55e01ac1f">
    </UnitTestResult>
  </Results>
</TestRun>