<?xml version="1.0" encoding="UTF-8"?>
<TestRun id="88e3de0c-392e-4a64-a832-eb647889bcbe" name="King Wilder@KWLATITUDE-PC 2012-03-25 15:42:37" runUser="KWLatitude-PC\King Wilder" xmlns="http://microsoft.com/schemas/VisualStudio/TeamTest/2010">
  <TestSettings name="Local" id="62b80d9b-8758-4aa4-86bc-006c49cbb856">
    <Description>These are default test settings for a local test run.</Description>
    <Deployment enabled="false" runDeploymentRoot="King Wilder_KWLATITUDE-PC 2012-03-25 15_42_37">
      <DeploymentItem filename="C:\Program Files (x86)\MyGeneration13\Dnp.Utils.dll" />
      <DeploymentItem filename="C:\Program Files (x86)\MyGeneration13\MyMeta.dll" />
      <DeploymentItem filename="C:\Program Files (x86)\MyGeneration13\PluginInterfaces.dll" />
    </Deployment>
    <Execution>
      <TestTypeSpecific />
      <AgentRule name="Execution Agents">
      </AgentRule>
    </Execution>
  </TestSettings>
  <Times creation="2012-03-25T15:42:37.5323309-07:00" queuing="2012-03-25T15:42:37.5823337-07:00" start="2012-03-25T15:42:37.5963345-07:00" finish="2012-03-25T15:42:37.8213474-07:00" />
  <ResultSummary outcome="Completed">
    <Counters total="1" executed="1" passed="1" error="0" failed="0" timeout="0" aborted="0" inconclusive="0" passedButRunAborted="0" notRunnable="0" notExecuted="0" disconnected="0" warning="0" completed="0" inProgress="0" pending="0" />
  </ResultSummary>
  <TestDefinitions>
    <UnitTest name="create_mapper_property_for_not_nullable_datetime_column" storage="c:\vsprojects\condorxe\condorxe\plugins\gizmobeach.components.tests\bin\release\gizmobeach.components.tests.dll" id="bdf379f3-777a-75e6-0ad9-a8283544d980">
      <Execution id="aa7ce36e-990a-4ec4-862b-7be8178b8f7a" />
      <TestMethod codeBase="C:/VSProjects/CondorXE/CondorXE/Plugins/GizmoBeach.Components.Tests/bin/Release/GizmoBeach.Components.Tests.DLL" adapterTypeName="Microsoft.VisualStudio.TestTools.TestTypes.Unit.UnitTestAdapter, Microsoft.VisualStudio.QualityTools.Tips.UnitTest.Adapter, Version=10.0.0.0, Culture=neutral, PublicKeyToken=b03f5f7f11d50a3a" className="GizmoBeach.Components.Tests.EntitySpacesMappingTests, GizmoBeach.Components.Tests, Version=1.0.0.0, Culture=neutral, PublicKeyToken=null" name="create_mapper_property_for_not_nullable_datetime_column" />
    </UnitTest>
  </TestDefinitions>
  <TestLists>
    <TestList name="Results Not in a List" id="8c84fa94-04c1-424b-9868-57a2d4851a1d" />
    <TestList name="All Loaded Results" id="19431567-8539-422a-85d7-44ee4e166bda" />
  </TestLists>
  <TestEntries>
    <TestEntry testId="bdf379f3-777a-75e6-0ad9-a8283544d980" executionId="aa7ce36e-990a-4ec4-862b-7be8178b8f7a" testListId="8c84fa94-04c1-424b-9868-57a2d4851a1d" />
  </TestEntries>
  <Results>
    <UnitTestResult executionId="aa7ce36e-990a-4ec4-862b-7be8178b8f7a" testId="bdf379f3-777a-75e6-0ad9-a8283544d980" testName="create_mapper_property_for_not_nullable_datetime_column" computerName="KWLATITUDE-PC" duration="00:00:00.0187768" startTime="2012-03-25T15:42:37.6023349-07:00" endTime="2012-03-25T15:42:37.8063465-07:00" testType="13cdc9d9-ddb5-4fa4-a97d-d965ccfc6d4b" outcome="Passed" testListId="8c84fa94-04c1-424b-9868-57a2d4851a1d" relativeResultsDirectory="aa7ce36e-990a-4ec4-862b-7be8178b8f7a">
    </UnitTestResult>
  </Results>
</TestRun>